// Jest Snapshot v1, https://goo.gl/fbAQLP

exports[`ItemsMain Component matches snapshot 1`] = `
<DocumentFragment>
  <div
    class="container__item"
  >
    <div
      class="title_section"
    >
      <h3>
        Наш ассортимент
      </h3>
      <div
        class="line__title"
      />
    </div>
    <div
      class="container__sell"
    >
      <div
        class="container__sell__item"
      >
        <div
          class="container__img__button"
        >
          <div
            class="img__bike"
          />
          <div
            class="button__sell"
          />
        </div>
        <div
          class="text__sell"
        >
          <h3>
            Откройте для себя мир приключений с нашими велосипедами! Ищете идеальный велосипед для города или экстремальных поездок по горам? У нас есть всё, что вам нужно. Наш ассортимент сочетает в себе передовые технологии и стильный дизайн. Переходите на страницу ассортимента, чтобы найти свой идеальный велосипед и начать новое путешествие!
          </h3>
        </div>
      </div>
      <div
        class="container__sell__item reverse"
      >
        <div
          class="text__sell"
        >
          <h3>
            Улучшите свой велосипед с нашими высококачественными деталями! Ищете надежные компоненты для улучшения производительности и комфорта вашего велосипеда? Наш ассортимент деталей включает в себя всё: от прочных рам до высокоточных тормозов. Посетите нашу страницу ассортимента и найдите идеальные решения для любых условий и стиля езды!
          </h3>
        </div>
        <div
          class="container__img__button"
        >
          <div
            class="button__sell__left"
          />
          <div
            class="img__part"
          />
        </div>
      </div>
      <div
        class="container__sell__item"
      >
        <div
          class="container__img__button"
        >
          <div
            class="img__const"
          />
          <div
            class="button__sell"
          />
        </div>
        <div
          class="text__sell"
        >
          <h3>
            Создайте велосипед своей мечты с нашим конструктором! Хотите уникальный велосипед, который отражает ваш стиль и нужды? Наш конструктор позволяет выбрать все — от рамы до последних штрихов. Погрузитесь в процесс создания и получите велосипед, который будет идеально соответствовать вашим ожиданиям. Перейдите на страницу конструктора и начните своё уникальное путешествие!
          </h3>
        </div>
      </div>
    </div>
  </div>
</DocumentFragment>
`;
